
Circuit 1 cell pfet_03v3 and Circuit 2 cell pfet_03v3 are black boxes.
Warning: Equate pins:  cell pfet_03v3 is a placeholder, treated as a black box.
Warning: Equate pins:  cell pfet_03v3 is a placeholder, treated as a black box.

Subcircuit pins:
Circuit 1: pfet_03v3                       |Circuit 2: pfet_03v3                       
-------------------------------------------|-------------------------------------------
1                                          |1                                          
2                                          |2                                          
3                                          |3                                          
4                                          |4                                          
---------------------------------------------------------------------------------------
Cell pin lists are equivalent.
Device classes pfet_03v3 and pfet_03v3 are equivalent.

Circuit 1 cell nfet_03v3 and Circuit 2 cell nfet_03v3 are black boxes.
Warning: Equate pins:  cell nfet_03v3 is a placeholder, treated as a black box.
Warning: Equate pins:  cell nfet_03v3 is a placeholder, treated as a black box.

Subcircuit pins:
Circuit 1: nfet_03v3                       |Circuit 2: nfet_03v3                       
-------------------------------------------|-------------------------------------------
1                                          |1                                          
2                                          |2                                          
3                                          |3                                          
4                                          |4                                          
---------------------------------------------------------------------------------------
Cell pin lists are equivalent.
Device classes nfet_03v3 and nfet_03v3 are equivalent.
Flattening unmatched subcell xm5 in circuit encoder (0)(1 instance)
Flattening unmatched subcell xm3 in circuit encoder (0)(1 instance)
Flattening unmatched subcell xm11 in circuit encoder (0)(1 instance)
Flattening unmatched subcell xm1 in circuit encoder (0)(1 instance)
Flattening unmatched subcell xm8 in circuit encoder (0)(1 instance)
Flattening unmatched subcell xm6 in circuit encoder (0)(1 instance)
Flattening unmatched subcell xm4 in circuit encoder (0)(1 instance)
Flattening unmatched subcell xm2 in circuit encoder (0)(1 instance)
Flattening unmatched subcell xm10 in circuit encoder (0)(1 instance)
Flattening unmatched subcell xm9 in circuit encoder (0)(1 instance)
Flattening unmatched subcell xm7 in circuit encoder (0)(1 instance)

Subcircuit summary:
Circuit 1: encoder                         |Circuit 2: encoder                         
-------------------------------------------|-------------------------------------------
pfet_03v3 (7)                              |pfet_03v3 (7)                              
nfet_03v3 (4)                              |nfet_03v3 (4)                              
Number of devices: 11                      |Number of devices: 11                      
Number of nets: 12                         |Number of nets: 12                         
---------------------------------------------------------------------------------------
Resolving symmetries by property value.
Resolving symmetries by pin name.
Netlists match uniquely.

Subcircuit pins:
Circuit 1: encoder                         |Circuit 2: encoder                         
-------------------------------------------|-------------------------------------------
Vss                                        |Vss                                        
Vin                                        |Vin                                        
Vin_neg                                    |Vin_neg                                    
Iex_2_i                                    |Iex_2_i                                    
Iex_3_i                                    |Iex_3_i                                    
Iex_4_i                                    |Iex_4_i                                    
Iex_1_i                                    |Iex_1_i                                    
Vdd                                        |Vdd                                        
---------------------------------------------------------------------------------------
Cell pin lists are equivalent.
Device classes encoder and encoder are equivalent.

Final result: Circuits match uniquely.
.
