
Circuit 1 cell nfet_03v3 and Circuit 2 cell nfet_03v3 are black boxes.
Warning: Equate pins:  cell nfet_03v3 is a placeholder, treated as a black box.
Warning: Equate pins:  cell nfet_03v3 is a placeholder, treated as a black box.

Subcircuit pins:
Circuit 1: nfet_03v3                       |Circuit 2: nfet_03v3                       
-------------------------------------------|-------------------------------------------
1                                          |1                                          
2                                          |2                                          
3                                          |3                                          
4                                          |4                                          
---------------------------------------------------------------------------------------
Cell pin lists are equivalent.
Device classes nfet_03v3 and nfet_03v3 are equivalent.

Circuit 1 cell pfet_03v3 and Circuit 2 cell pfet_03v3 are black boxes.
Warning: Equate pins:  cell pfet_03v3 is a placeholder, treated as a black box.
Warning: Equate pins:  cell pfet_03v3 is a placeholder, treated as a black box.

Subcircuit pins:
Circuit 1: pfet_03v3                       |Circuit 2: pfet_03v3                       
-------------------------------------------|-------------------------------------------
1                                          |1                                          
2                                          |2                                          
3                                          |3                                          
4                                          |4                                          
---------------------------------------------------------------------------------------
Cell pin lists are equivalent.
Device classes pfet_03v3 and pfet_03v3 are equivalent.

Circuit 1 cell cap_mim_2f0_m4m5_noshield and Circuit 2 cell cap_mim_2f0_m4m5_noshield are black boxes.
Warning: Equate pins:  cell cap_mim_2f0_m4m5_noshield is a placeholder, treated as a black box.
Warning: Equate pins:  cell cap_mim_2f0_m4m5_noshield is a placeholder, treated as a black box.

Subcircuit pins:
Circuit 1: cap_mim_2f0_m4m5_noshield       |Circuit 2: cap_mim_2f0_m4m5_noshield       
-------------------------------------------|-------------------------------------------
1                                          |1                                          
2                                          |2                                          
---------------------------------------------------------------------------------------
Cell pin lists are equivalent.
Device classes cap_mim_2f0_m4m5_noshield and cap_mim_2f0_m4m5_noshield are equivalent.

Subcircuit summary:
Circuit 1: xm3                             |Circuit 2: xm3                             
-------------------------------------------|-------------------------------------------
nfet_03v3 (1)                              |nfet_03v3 (1)                              
(no matching element)                      |c (6)                                      
Number of devices: 1 **Mismatch**          |Number of devices: 7 **Mismatch**          
Number of nets: 4                          |Number of nets: 4                          
---------------------------------------------------------------------------------------
NET mismatches: Class fragments follow (with fanout counts):
Circuit 1: xm3                             |Circuit 2: xm3                             

---------------------------------------------------------------------------------------
Net: a_28_n181#                            |Net: a_28_n181#                            
  nfet_03v3/(1|3) = 1                      |  nfet_03v3/(1|3) = 1                      
                                           |  c/bottom = 2                             
                                           |  c/top = 1                                
                                           |                                           
Net: a_n50_n389#                           |Net: a_n50_n389#                           
  nfet_03v3/2 = 1                          |  nfet_03v3/2 = 1                          
                                           |  c/bottom = 1                             
                                           |  c/top = 2                                
                                           |                                           
Net: a_n178_n181#                          |Net: a_n178_n181#                          
  nfet_03v3/(1|3) = 1                      |  nfet_03v3/(1|3) = 1                      
                                           |  c/top = 3                                
                                           |                                           
Net: a_n388_n554#                          |Net: a_n388_n554#                          
  nfet_03v3/4 = 1                          |  nfet_03v3/4 = 1                          
                                           |  c/bottom = 3                             
---------------------------------------------------------------------------------------
DEVICE mismatches: Class fragments follow (with node fanout counts):
Circuit 1: xm3                             |Circuit 2: xm3                             

---------------------------------------------------------------------------------------
(no matching instance)                     |Instance: c:0                              
                                           |  top = 4                                  
                                           |  bottom = 4                               
                                           |                                           
(no matching instance)                     |Instance: c:1                              
                                           |  top = 4                                  
                                           |  bottom = 4                               
                                           |                                           
(no matching instance)                     |Instance: c:2                              
                                           |  top = 4                                  
                                           |  bottom = 4                               
                                           |                                           
(no matching instance)                     |Instance: c:3                              
                                           |  top = 4                                  
                                           |  bottom = 4                               
                                           |                                           
(no matching instance)                     |Instance: c:4                              
                                           |  top = 4                                  
                                           |  bottom = 4                               
                                           |                                           
(no matching instance)                     |Instance: c:5                              
                                           |  top = 4                                  
                                           |  bottom = 4                               
---------------------------------------------------------------------------------------
Netlists do not match.
Port matching may fail to disambiguate symmetries.
  Flattening non-matched subcircuits xm3 xm3

Subcircuit summary:
Circuit 1: xm1                             |Circuit 2: xm1                             
-------------------------------------------|-------------------------------------------
pfet_03v3 (1)                              |pfet_03v3 (1)                              
(no matching element)                      |c (10)                                     
Number of devices: 1 **Mismatch**          |Number of devices: 11 **Mismatch**         
Number of nets: 4 **Mismatch**             |Number of nets: 5 **Mismatch**             
---------------------------------------------------------------------------------------
NET mismatches: Class fragments follow (with fanout counts):
Circuit 1: xm1                             |Circuit 2: xm1                             

---------------------------------------------------------------------------------------
Net: a_28_n181#                            |Net: a_28_n181#                            
  pfet_03v3/(1|3) = 1                      |  pfet_03v3/(1|3) = 1                      
                                           |  c/top = 3                                
                                           |  c/bottom = 1                             
                                           |                                           
Net: a_n178_n181#                          |Net: a_n178_n181#                          
  pfet_03v3/(1|3) = 1                      |  pfet_03v3/(1|3) = 1                      
                                           |  c/bottom = 3                             
                                           |  c/top = 1                                
                                           |                                           
Net: a_n50_n389#                           |Net: a_n50_n389#                           
  pfet_03v3/2 = 1                          |  pfet_03v3/2 = 1                          
                                           |  c/top = 4                                
                                           |                                           
Net: w_n444_n610#                          |Net: w_n444_n610#                          
  pfet_03v3/4 = 1                          |  pfet_03v3/4 = 1                          
                                           |  c/bottom = 2                             
                                           |  c/top = 2                                
                                           |                                           
(no matching net)                          |Net: VSUBS                                 
                                           |  c/bottom = 4                             
---------------------------------------------------------------------------------------
DEVICE mismatches: Class fragments follow (with node fanout counts):
Circuit 1: xm1                             |Circuit 2: xm1                             

---------------------------------------------------------------------------------------
(no matching instance)                     |Instance: c:0                              
                                           |  top = 5                                  
                                           |  bottom = 5                               
                                           |                                           
(no matching instance)                     |Instance: c:1                              
                                           |  top = 5                                  
                                           |  bottom = 5                               
                                           |                                           
(no matching instance)                     |Instance: c:2                              
                                           |  top = 5                                  
                                           |  bottom = 5                               
                                           |                                           
(no matching instance)                     |Instance: c:3                              
                                           |  top = 5                                  
                                           |  bottom = 5                               
                                           |                                           
(no matching instance)                     |Instance: c:4                              
                                           |  top = 5                                  
                                           |  bottom = 5                               
                                           |                                           
(no matching instance)                     |Instance: c:5                              
                                           |  top = 5                                  
                                           |  bottom = 5                               
                                           |                                           
(no matching instance)                     |Instance: c:6                              
                                           |  top = 5                                  
                                           |  bottom = 4                               
                                           |                                           
(no matching instance)                     |Instance: c:7                              
                                           |  top = 5                                  
                                           |  bottom = 4                               
                                           |                                           
(no matching instance)                     |Instance: c:8                              
                                           |  top = 5                                  
                                           |  bottom = 4                               
                                           |                                           
(no matching instance)                     |Instance: c:9                              
                                           |  top = 5                                  
                                           |  bottom = 4                               
---------------------------------------------------------------------------------------
Netlists do not match.
Port matching may fail to disambiguate symmetries.
  Flattening non-matched subcircuits xm1 xm1

Subcircuit summary:
Circuit 1: xm6                             |Circuit 2: xm6                             
-------------------------------------------|-------------------------------------------
nfet_03v3 (1)                              |nfet_03v3 (1)                              
(no matching element)                      |c (6)                                      
Number of devices: 1 **Mismatch**          |Number of devices: 7 **Mismatch**          
Number of nets: 4                          |Number of nets: 4                          
---------------------------------------------------------------------------------------
NET mismatches: Class fragments follow (with fanout counts):
Circuit 1: xm6                             |Circuit 2: xm6                             

---------------------------------------------------------------------------------------
Net: a_28_n181#                            |Net: a_28_n181#                            
  nfet_03v3/(1|3) = 1                      |  nfet_03v3/(1|3) = 1                      
                                           |  c/bottom = 2                             
                                           |  c/top = 1                                
                                           |                                           
Net: a_n50_n389#                           |Net: a_n50_n389#                           
  nfet_03v3/2 = 1                          |  nfet_03v3/2 = 1                          
                                           |  c/bottom = 1                             
                                           |  c/top = 2                                
                                           |                                           
Net: a_n178_n181#                          |Net: a_n178_n181#                          
  nfet_03v3/(1|3) = 1                      |  nfet_03v3/(1|3) = 1                      
                                           |  c/top = 3                                
                                           |                                           
Net: a_n388_n554#                          |Net: a_n388_n554#                          
  nfet_03v3/4 = 1                          |  nfet_03v3/4 = 1                          
                                           |  c/bottom = 3                             
---------------------------------------------------------------------------------------
DEVICE mismatches: Class fragments follow (with node fanout counts):
Circuit 1: xm6                             |Circuit 2: xm6                             

---------------------------------------------------------------------------------------
(no matching instance)                     |Instance: c:0                              
                                           |  top = 4                                  
                                           |  bottom = 4                               
                                           |                                           
(no matching instance)                     |Instance: c:1                              
                                           |  top = 4                                  
                                           |  bottom = 4                               
                                           |                                           
(no matching instance)                     |Instance: c:2                              
                                           |  top = 4                                  
                                           |  bottom = 4                               
                                           |                                           
(no matching instance)                     |Instance: c:3                              
                                           |  top = 4                                  
                                           |  bottom = 4                               
                                           |                                           
(no matching instance)                     |Instance: c:4                              
                                           |  top = 4                                  
                                           |  bottom = 4                               
                                           |                                           
(no matching instance)                     |Instance: c:5                              
                                           |  top = 4                                  
                                           |  bottom = 4                               
---------------------------------------------------------------------------------------
Netlists do not match.
Port matching may fail to disambiguate symmetries.
  Flattening non-matched subcircuits xm6 xm6

Subcircuit summary:
Circuit 1: xm2                             |Circuit 2: xm2                             
-------------------------------------------|-------------------------------------------
nfet_03v3 (1)                              |nfet_03v3 (1)                              
(no matching element)                      |c (6)                                      
Number of devices: 1 **Mismatch**          |Number of devices: 7 **Mismatch**          
Number of nets: 4                          |Number of nets: 4                          
---------------------------------------------------------------------------------------
NET mismatches: Class fragments follow (with fanout counts):
Circuit 1: xm2                             |Circuit 2: xm2                             

---------------------------------------------------------------------------------------
Net: a_28_n181#                            |Net: a_28_n181#                            
  nfet_03v3/(1|3) = 1                      |  nfet_03v3/(1|3) = 1                      
                                           |  c/bottom = 2                             
                                           |  c/top = 1                                
                                           |                                           
Net: a_n50_n389#                           |Net: a_n50_n389#                           
  nfet_03v3/2 = 1                          |  nfet_03v3/2 = 1                          
                                           |  c/bottom = 1                             
                                           |  c/top = 2                                
                                           |                                           
Net: a_n178_n181#                          |Net: a_n178_n181#                          
  nfet_03v3/(1|3) = 1                      |  nfet_03v3/(1|3) = 1                      
                                           |  c/top = 3                                
                                           |                                           
Net: a_n388_n554#                          |Net: a_n388_n554#                          
  nfet_03v3/4 = 1                          |  nfet_03v3/4 = 1                          
                                           |  c/bottom = 3                             
---------------------------------------------------------------------------------------
DEVICE mismatches: Class fragments follow (with node fanout counts):
Circuit 1: xm2                             |Circuit 2: xm2                             

---------------------------------------------------------------------------------------
(no matching instance)                     |Instance: c:0                              
                                           |  top = 4                                  
                                           |  bottom = 4                               
                                           |                                           
(no matching instance)                     |Instance: c:1                              
                                           |  top = 4                                  
                                           |  bottom = 4                               
                                           |                                           
(no matching instance)                     |Instance: c:2                              
                                           |  top = 4                                  
                                           |  bottom = 4                               
                                           |                                           
(no matching instance)                     |Instance: c:3                              
                                           |  top = 4                                  
                                           |  bottom = 4                               
                                           |                                           
(no matching instance)                     |Instance: c:4                              
                                           |  top = 4                                  
                                           |  bottom = 4                               
                                           |                                           
(no matching instance)                     |Instance: c:5                              
                                           |  top = 4                                  
                                           |  bottom = 4                               
---------------------------------------------------------------------------------------
Netlists do not match.
Port matching may fail to disambiguate symmetries.
  Flattening non-matched subcircuits xm2 xm2

Class xc3 (0):  Merged 7 parallel devices.
Class xc3 (1):  Merged 7 parallel devices.
Subcircuit summary:
Circuit 1: xc3                             |Circuit 2: xc3                             
-------------------------------------------|-------------------------------------------
cap_mim_2f0_m4m5_noshield (8->1)           |cap_mim_2f0_m4m5_noshield (8->1)           
(no matching element)                      |c (3)                                      
Number of devices: 1 **Mismatch**          |Number of devices: 4 **Mismatch**          
Number of nets: 2 **Mismatch**             |Number of nets: 3 **Mismatch**             
---------------------------------------------------------------------------------------
NET mismatches: Class fragments follow (with fanout counts):
Circuit 1: xc3                             |Circuit 2: xc3                             

---------------------------------------------------------------------------------------
Net: m4_n1768_n1768#                       |Net: m4_n1768_n1768#                       
  cap_mim_2f0_m4m5_noshield/1 = 1          |  cap_mim_2f0_m4m5_noshield/1 = 1          
                                           |  c/top = 2                                
                                           |                                           
Net: m4_n1968_n1968#                       |Net: m4_n1968_n1968#                       
  cap_mim_2f0_m4m5_noshield/2 = 1          |  cap_mim_2f0_m4m5_noshield/2 = 1          
                                           |  c/bottom = 1                             
                                           |  c/top = 1                                
                                           |                                           
(no matching net)                          |Net: VSUBS                                 
                                           |  c/bottom = 2                             
---------------------------------------------------------------------------------------
DEVICE mismatches: Class fragments follow (with node fanout counts):
Circuit 1: xc3                             |Circuit 2: xc3                             

---------------------------------------------------------------------------------------
(no matching instance)                     |Instance: c:0                              
                                           |  top = 3                                  
                                           |  bottom = 3                               
                                           |                                           
(no matching instance)                     |Instance: c:1                              
                                           |  top = 3                                  
                                           |  bottom = 2                               
                                           |                                           
(no matching instance)                     |Instance: c:2                              
                                           |  top = 3                                  
                                           |  bottom = 2                               
---------------------------------------------------------------------------------------
Netlists do not match.
Port matching may fail to disambiguate symmetries.
  Flattening non-matched subcircuits xc3 xc3

Circuit 1 cell cap_mim_2f0_m4m5_noshield and Circuit 2 cell cap_mim_2f0fF are black boxes.
Warning: Equate pins:  cell cap_mim_2f0_m4m5_noshield is a placeholder, treated as a black box.
Warning: Equate pins:  cell cap_mim_2f0fF is a placeholder, treated as a black box.

Subcircuit pins:
Circuit 1: cap_mim_2f0_m4m5_noshield       |Circuit 2: cap_mim_2f0fF                   
-------------------------------------------|-------------------------------------------
1                                          |1                                          
2                                          |2                                          
---------------------------------------------------------------------------------------
Cell pin lists are equivalent.
Device classes cap_mim_2f0_m4m5_noshield and cap_mim_2f0fF are equivalent.

Subcircuit summary:
Circuit 1: integrator                      |Circuit 2: integrator                      
-------------------------------------------|-------------------------------------------
nfet_03v3 (3)                              |nfet_03v3 (3)                              
pfet_03v3 (1)                              |pfet_03v3 (1)                              
cap_mim_2f0_m4m5_noshield (8->1)           |cap_mim_2f0_m4m5_noshield (8->1)           
Number of devices: 5                       |Number of devices: 5                       
Number of nets: 6                          |Number of nets: 6                          
---------------------------------------------------------------------------------------
Netlists match uniquely.

Subcircuit pins:
Circuit 1: integrator                      |Circuit 2: integrator                      
-------------------------------------------|-------------------------------------------
Vext_pin                                   |Vext_pin                                   
avdd                                       |avdd                                       
avss                                       |avss                                       
i_50                                       |i_50                                       
---------------------------------------------------------------------------------------
Cell pin lists are equivalent.
Device classes integrator and integrator are equivalent.

Final result: Circuits match uniquely.
.
