
Circuit 1 cell pfet_03v3 and Circuit 2 cell pfet_03v3 are black boxes.
Warning: Equate pins:  cell pfet_03v3 is a placeholder, treated as a black box.
Warning: Equate pins:  cell pfet_03v3 is a placeholder, treated as a black box.

Subcircuit pins:
Circuit 1: pfet_03v3                       |Circuit 2: pfet_03v3                       
-------------------------------------------|-------------------------------------------
1                                          |1                                          
2                                          |2                                          
3                                          |3                                          
4                                          |4                                          
---------------------------------------------------------------------------------------
Cell pin lists are equivalent.
Device classes pfet_03v3 and pfet_03v3 are equivalent.
Flattening unmatched subcell M1 in circuit Current_limit (0)(1 instance)
Flattening unmatched subcell M0 in circuit Current_limit (0)(1 instance)

Subcircuit summary:
Circuit 1: Current_limit                   |Circuit 2: Current_limit                   
-------------------------------------------|-------------------------------------------
pfet_03v3 (2)                              |pfet_03v3 (2)                              
Number of devices: 2                       |Number of devices: 2                       
Number of nets: 4                          |Number of nets: 4                          
---------------------------------------------------------------------------------------
Netlists match uniquely.

Subcircuit pins:
Circuit 1: Current_limit                   |Circuit 2: Current_limit                   
-------------------------------------------|-------------------------------------------
i_SUM                                      |i_SUM                                      
avdd                                       |avdd                                       
ifwd                                       |ifwd                                       
---------------------------------------------------------------------------------------
Cell pin lists are equivalent.
Device classes Current_limit and Current_limit are equivalent.

Final result: Circuits match uniquely.
.
